---------------------
Begin Memory State
---------------------
0x00000000: 0x0c000002 0x00000000 0x23ff0008 0x03e00008 0x00000000 
0x00000014: 0x24100074 0x24110078 0x92120002 0x92130003 0x00000000 
0x00000028: 0x02534024 0x3249ffb9 0x324a00b9 0x112a000c 0x00000000 
0x0000003c: 0x00084200 0x01094025 0xa6080000 0x3c088cef 0x00084c02 
0x00000050: 0x0109502a 0x0128582b 0x2d6cffff 0x01096823 0xa62d0000 
0x00000064: 0xfeedfeed 0x240e8080 0x0800000f 0xa62e0002 0xc288caf6 
0x00000078: 0x73118080 0x00000000 0x00000000 0x00000000 0x00000000 
0x0000008c: 0x00000000 0x00000000 0x00000000 0x00000000 0x00000000 
0x000000a0: 0x00000000 0x00000000 0x00000000 0x00000000 0x00000000 
0x000000b4: 0x00000000 0x00000000 0x00000000 0x00000000 0x00000000 
0x000000c8: 0x00000000 0x00000000 0x00000000 0x00000000 0x00000000 
0x000000dc: 0x00000000 0x00000000 0x00000000 0x00000000 0x00000000 
0x000000f0: 0x00000000 0x00000000 0x00000000 0x00000000 0x00000000 
0x00000104: 0x00000000 0x00000000 0x00000000 0x00000000 0x00000000 
0x00000118: 0x00000000 0x00000000 0x00000000 0x00000000 0x00000000 
0x0000012c: 0x00000000 0x00000000 0x00000000 0x00000000 0x00000000 
0x00000140: 0x00000000 0x00000000 0x00000000 0x00000000 0x00000000 
0x00000154: 0x00000000 0x00000000 0x00000000 0x00000000 0x00000000 
0x00000168: 0x00000000 0x00000000 0x00000000 0x00000000 0x00000000 
0x0000017c: 0x00000000 0x00000000 0x00000000 0x00000000 0x00000000 
0x00000190: 0x00000000 0x00000000 0x00000000 0x00000000 0x00000000 
0x000001a4: 0x00000000 0x00000000 0x00000000 0x00000000 0x00000000 
0x000001b8: 0x00000000 0x00000000 0x00000000 0x00000000 0x00000000 
0x000001cc: 0x00000000 0x00000000 0x00000000 0x00000000 0x00000000 
0x000001e0: 0x00000000 0x00000000 0x00000000 0x00000000 0x00000000 
---------------------
End Memory State
---------------------
