---------------------
Begin Memory State
---------------------
0x00000000: 0x24100050 0x24110078 0x8e310000 0x24120002 0x24130001 
0x00000014: 0x8e080000 0x00134820 0x00095080 0x01505020 0x8d4b0000 
0x00000028: 0x00000000 0xad4bfffc 0x25290001 0x1531fff9 0x00000000 
0x0000003c: 0xad480000 0x02539022 0x1e40fff3 0x00000000 0xfeedfeed 
0x00000050: 0x00000002 0x00000003 0x00000004 0x00000005 0x00000006 
0x00000064: 0x00000007 0x00000008 0x00000009 0x00000000 0x00000001 
0x00000078: 0x0000000a 0x00000000 0x00000000 0x00000000 0x00000000 
0x0000008c: 0x00000000 0x00000000 0x00000000 0x00000000 0x00000000 
0x000000a0: 0x00000000 0x00000000 0x00000000 0x00000000 0x00000000 
0x000000b4: 0x00000000 0x00000000 0x00000000 0x00000000 0x00000000 
0x000000c8: 0x00000000 0x00000000 0x00000000 0x00000000 0x00000000 
0x000000dc: 0x00000000 0x00000000 0x00000000 0x00000000 0x00000000 
0x000000f0: 0x00000000 0x00000000 0x00000000 0x00000000 0x00000000 
0x00000104: 0x00000000 0x00000000 0x00000000 0x00000000 0x00000000 
0x00000118: 0x00000000 0x00000000 0x00000000 0x00000000 0x00000000 
0x0000012c: 0x00000000 0x00000000 0x00000000 0x00000000 0x00000000 
0x00000140: 0x00000000 0x00000000 0x00000000 0x00000000 0x00000000 
0x00000154: 0x00000000 0x00000000 0x00000000 0x00000000 0x00000000 
0x00000168: 0x00000000 0x00000000 0x00000000 0x00000000 0x00000000 
0x0000017c: 0x00000000 0x00000000 0x00000000 0x00000000 0x00000000 
0x00000190: 0x00000000 0x00000000 0x00000000 0x00000000 0x00000000 
0x000001a4: 0x00000000 0x00000000 0x00000000 0x00000000 0x00000000 
0x000001b8: 0x00000000 0x00000000 0x00000000 0x00000000 0x00000000 
0x000001cc: 0x00000000 0x00000000 0x00000000 0x00000000 0x00000000 
0x000001e0: 0x00000000 0x00000000 0x00000000 0x00000000 0x00000000 
---------------------
End Memory State
---------------------
